23:16:22 **** Incremental Build of configuration Debug for project TimerServo ****
make -j16 all 
arm-none-eabi-gcc "../Core/Src/main.c" -mcpu=cortex-m4 -std=gnu11 -g3 -DDEBUG -DUSE_NUCLEO_64 -DUSE_HAL_DRIVER -DSTM32G491xx -c -I../Core/Inc -I../Drivers/STM32G4xx_HAL_Driver/Inc -I../Drivers/STM32G4xx_HAL_Driver/Inc/Legacy -I../Drivers/BSP/STM32G4xx_Nucleo -I../Drivers/CMSIS/Device/ST/STM32G4xx/Include -I../Drivers/CMSIS/Include -O0 -ffunction-sections -fdata-sections -Wall -fstack-usage -fcyclomatic-complexity -MMD -MP -MF"Core/Src/main.d" -MT"Core/Src/main.o" --specs=nano.specs -mfpu=fpv4-sp-d16 -mfloat-abi=hard -mthumb -o "Core/Src/main.o"
arm-none-eabi-gcc -o "TimerServo.elf" @"objects.list"   -mcpu=cortex-m4 -T"/home/if-himanshu/STM32CubeIDE/workspace_1.18.1/TimerServo/STM32G491RETX_FLASH.ld" --specs=nosys.specs -Wl,-Map="TimerServo.map" -Wl,--gc-sections -static --specs=nano.specs -mfpu=fpv4-sp-d16 -mfloat-abi=hard -mthumb -Wl,--start-group -lc -lm -Wl,--end-group
Finished building target: TimerServo.elf
 
arm-none-eabi-size  TimerServo.elf 
arm-none-eabi-objdump -h -S TimerServo.elf  > "TimerServo.list"
   text	   data	    bss	    dec	    hex	filename
  16316	     32	   1816	  18164	   46f4	TimerServo.elf
Finished building: default.size.stdout
 
Finished building: TimerServo.list
 

23:16:23 Build Finished. 0 errors, 0 warnings. (took 432ms)

